[2026-07-06T19:19:45.907Z] [INFO] Scheduled task: Full anatomy rescan (0 */6 * * *)
[2026-07-06T19:19:45.908Z] [INFO] Scheduled task: Consolidate old memory (0 2 * * *)
[2026-07-06T19:19:45.908Z] [INFO] Scheduled task: Token audit report (0 0 * * 1)
[2026-07-06T19:19:45.909Z] [INFO] Scheduled task: Cerebrum reflection (0 3 * * 0)
[2026-07-06T19:19:45.909Z] [INFO] Scheduled task: AI suggestions (0 4 * * 1)
[2026-07-06T19:19:45.910Z] [INFO] File watcher started on .wolf/
[2026-07-06T19:19:45.912Z] [INFO] OpenWolf daemon started
[2026-07-06T19:19:45.912Z] [INFO] Dashboard server listening on port 18791
[2026-07-06T22:00:00.875Z] [INFO] Executing task: Full anatomy rescan
[2026-07-06T22:00:00.900Z] [INFO] Task Full anatomy rescan completed in 23ms
[2026-07-07T04:00:00.599Z] [INFO] Executing task: Full anatomy rescan
[2026-07-07T04:00:00.616Z] [INFO] Task Full anatomy rescan completed in 16ms
[2026-07-07T06:00:00.176Z] [INFO] Executing task: Consolidate old memory
[2026-07-07T06:00:00.180Z] [INFO] Task Consolidate old memory completed in 3ms
[2026-07-07T10:00:00.472Z] [INFO] Executing task: Full anatomy rescan
[2026-07-07T10:00:00.482Z] [INFO] Task Full anatomy rescan completed in 10ms
[2026-07-07T16:00:00.537Z] [INFO] Executing task: Full anatomy rescan
[2026-07-07T16:00:00.553Z] [INFO] Task Full anatomy rescan completed in 15ms
[2026-07-07T22:00:00.685Z] [INFO] Executing task: Full anatomy rescan
[2026-07-07T22:00:00.697Z] [INFO] Task Full anatomy rescan completed in 11ms
[2026-07-08T04:00:00.834Z] [INFO] Executing task: Full anatomy rescan
[2026-07-08T04:00:00.852Z] [INFO] Task Full anatomy rescan completed in 17ms
[2026-07-08T06:00:00.475Z] [INFO] Executing task: Consolidate old memory
[2026-07-08T06:00:00.478Z] [INFO] Task Consolidate old memory completed in 2ms
[2026-07-08T10:00:00.185Z] [INFO] Executing task: Full anatomy rescan
[2026-07-08T10:00:00.197Z] [INFO] Task Full anatomy rescan completed in 11ms
[2026-07-08T14:20:16.405Z] [INFO] WebSocket client connected
